// Jest Snapshot v1, https://goo.gl/fbAQLP

exports[`Card render 1`] = `
<DocumentFragment>
  <div
    class="sc-blHHSb irbxqa"
  >
    <div />
  </div>
</DocumentFragment>
`;

exports[`Card render with another Theme 1`] = `
<DocumentFragment>
  <div
    class="sc-blHHSb irbxqa"
  >
    <div />
  </div>
</DocumentFragment>
`;
